2025-11-29 16:15:40.912 INFO  - 服务器开始启动
2025-11-29 16:15:40.915 INFO  - 开始启动 Nacos 
2025-11-29 17:05:14.186 INFO  - 服务器开始启动
2025-11-29 17:05:14.188 INFO  - 开始启动 Nacos 
2025-11-29 17:05:15.027 INFO  - 服务器配置: 
serverPort: 9001
serverIp: 127.0.0.1
runModule: TEST
configPath: D:\WORK\me\miniServer\excel\serverConfig
db:
  jdbcUrl: jdbc:mysql://139.224.80.204:3306/pick_money
  userName: root
  passWord: ly.1006897725
  maxPoolSize: 10
  minIdle: 3
  idleTimeout: 30000
  connectionTimeout: 2000
  
redis:
  host: 139.224.80.204
  port: 6379
  password: ly.1006897725

2025-11-29 17:05:15.134 INFO  - 当前节点数量:0, 新增服务器节点: Instance{instanceId='game1001', ip='127.0.0.1', port=9001, weight=1.0, healthy=true, enabled=true, ephemeral=true, clusterName='GAME', serviceName='ly@@rpc_node_list_service', metadata={loadNum=0, serverId=game1001, serverType=GAME}}
2025-11-29 17:05:15.142 INFO  -  Nacos 启动成功,耗时: 953ms 
2025-11-29 17:05:15.185 INFO  - 开始加载配置表
2025-11-29 17:05:15.195 INFO  - 加载策划表 HeroInfoConfigManager  耗时 10 (毫秒)
2025-11-29 17:05:15.195 INFO  - 加载配置表完成, 耗时:10 (毫秒)
2025-11-29 17:05:23.326 INFO  - 服务器启动成功:[NetServer-9001], port:9001
2025-11-29 17:05:23.329 INFO  - 服务器 启动成功 耗时: 9141ms
2025-11-29 17:06:48.601 INFO  - 服务器开始启动
2025-11-29 17:06:48.603 INFO  - 开始启动 Nacos 
2025-11-29 17:06:49.387 INFO  -  Nacos 启动成功,耗时: 784ms 
2025-11-29 17:06:49.390 INFO  - 开始加载配置表
2025-11-29 17:06:49.395 INFO  - 加载策划表 HeroInfoConfigManager  耗时 4 (毫秒)
2025-11-29 17:06:49.395 INFO  - 加载配置表完成, 耗时:5 (毫秒)
2025-11-29 17:06:49.925 INFO  - 当前节点数量:0, 新增服务器节点: Instance{instanceId='game1001', ip='127.0.0.1', port=8001, weight=1.0, healthy=true, enabled=true, ephemeral=true, clusterName='GAME', serviceName='ly@@rpc_node_list_service', metadata={loadNum=0, serverId=game1001, serverType=GAME}}
2025-11-29 17:06:57.529 INFO  - 服务器启动成功:[NetServer-8001], port:8001
2025-11-29 17:06:57.530 INFO  - 服务器 启动成功 耗时: 8929ms
2025-11-29 17:08:36.749 INFO  - 服务器开始启动
2025-11-29 17:08:36.750 INFO  - 开始启动 Nacos 
2025-11-29 17:08:37.530 INFO  -  Nacos 启动成功,耗时: 778ms 
2025-11-29 17:08:37.535 INFO  - 开始加载配置表
2025-11-29 17:08:37.539 INFO  - 加载策划表 HeroInfoConfigManager  耗时 3 (毫秒)
2025-11-29 17:08:37.540 INFO  - 加载配置表完成, 耗时:5 (毫秒)
2025-11-29 17:08:38.069 INFO  - 当前节点数量:0, 新增服务器节点: Instance{instanceId='game1001', ip='127.0.0.1', port=8001, weight=1.0, healthy=true, enabled=true, ephemeral=true, clusterName='GAME', serviceName='ly@@rpc_node_list_service', metadata={loadNum=0, serverId=game1001, serverType=GAME}}
2025-11-29 17:08:45.397 INFO  - 服务器启动成功:[NetServer-8001], port:8001
2025-11-29 17:08:45.399 INFO  - 服务器 启动成功 耗时: 8649ms
2025-11-29 17:10:38.063 INFO  - 服务器开始启动
2025-11-29 17:10:38.064 INFO  - 开始启动 Nacos 
2025-11-29 17:10:39.141 INFO  -  Nacos 启动成功,耗时: 1076ms 
2025-11-29 17:10:39.143 INFO  - 开始加载配置表
2025-11-29 17:10:39.149 INFO  - 加载策划表 HeroInfoConfigManager  耗时 5 (毫秒)
2025-11-29 17:10:39.149 INFO  - 加载配置表完成, 耗时:6 (毫秒)
2025-11-29 17:10:39.635 INFO  - 当前节点数量:0, 新增服务器节点: Instance{instanceId='game1001', ip='127.0.0.1', port=8001, weight=1.0, healthy=true, enabled=true, ephemeral=true, clusterName='GAME', serviceName='ly@@rpc_node_list_service', metadata={loadNum=0, serverId=game1001, serverType=GAME}}
2025-11-29 17:10:47.219 INFO  - 服务器启动成功:[NetServer-8001], port:8001
2025-11-29 17:10:47.222 INFO  - 服务器 启动成功 耗时: 9159ms
2025-11-29 17:23:01.223 INFO  - 服务器开始启动
2025-11-29 17:23:01.237 INFO  - 开始启动 Nacos 
2025-11-29 17:27:24.525 INFO  - 服务器开始启动
2025-11-29 17:27:24.535 INFO  - 开始启动 Nacos 
2025-11-29 17:28:26.186 INFO  - 服务器开始启动
2025-11-29 17:28:26.189 INFO  - 开始启动 Nacos 
2025-11-29 17:29:00.328 INFO  - 服务器开始启动
2025-11-29 17:29:00.329 INFO  - 开始启动 Nacos 
2025-11-29 17:31:53.478 INFO  - 服务器开始启动
2025-11-29 17:31:53.490 INFO  - 开始启动 Nacos 
2025-11-29 17:31:54.278 INFO  - 服务器配置: 
serverPort: 9001
serverIp: 127.0.0.1
runModule: TEST
configPath: D:\WORK\me\miniServer\excel\serverConfig
db:
  jdbcUrl: jdbc:mysql://139.224.80.204:3306/pick_money
  userName: root
  passWord: ly.1006897725
  maxPoolSize: 10
  minIdle: 3
  idleTimeout: 30000
  connectionTimeout: 2000
  
redis:
  host: 139.224.80.204
  port: 6379
  password: ly.1006897725

2025-11-29 17:31:54.393 INFO  - 当前节点数量:0, 新增服务器节点: Instance{instanceId='game1001', ip='127.0.0.1', port=9001, weight=1.0, healthy=true, enabled=true, ephemeral=true, clusterName='GAME', serviceName='ly@@rpc_node_list_service', metadata={loadNum=0, serverId=game1001, serverType=GAME}}
2025-11-29 17:31:54.394 INFO  -  Nacos 启动成功,耗时: 904ms 
2025-11-29 17:31:54.444 INFO  - 开始加载配置表
2025-11-29 17:31:54.454 INFO  - 加载策划表 HeroInfoConfigManager  耗时 10 (毫秒)
2025-11-29 17:31:54.454 INFO  - 加载配置表完成, 耗时:10 (毫秒)
2025-11-29 17:32:02.567 INFO  - 服务器启动成功:[NetServer-9001], port:9001
2025-11-29 17:32:02.567 INFO  - 服务器 启动成功 耗时: 9090ms
2025-11-29 17:33:46.637 INFO  - 服务器开始启动
2025-11-29 17:33:46.639 INFO  - 开始启动 Nacos 
2025-11-29 17:33:47.423 INFO  -  Nacos 启动成功,耗时: 784ms 
2025-11-29 17:33:47.426 INFO  - 开始加载配置表
2025-11-29 17:33:47.430 INFO  - 加载策划表 HeroInfoConfigManager  耗时 4 (毫秒)
2025-11-29 17:33:47.430 INFO  - 加载配置表完成, 耗时:4 (毫秒)
2025-11-29 17:33:47.948 INFO  - 当前节点数量:0, 新增服务器节点: Instance{instanceId='game1001', ip='127.0.0.1', port=8001, weight=1.0, healthy=true, enabled=true, ephemeral=true, clusterName='GAME', serviceName='ly@@rpc_node_list_service', metadata={loadNum=0, serverId=game1001, serverType=GAME}}
2025-11-29 17:33:55.341 INFO  - 服务器启动成功:[NetServer-8001], port:8001
2025-11-29 17:33:55.341 INFO  - 服务器 启动成功 耗时: 8705ms
2025-11-29 17:35:47.421 INFO  - 服务器开始启动
2025-11-29 17:35:47.425 INFO  - 开始启动 Nacos 
2025-11-29 17:35:48.229 INFO  -  Nacos 启动成功,耗时: 803ms 
2025-11-29 17:35:48.230 INFO  - 开始加载配置表
2025-11-29 17:35:48.237 INFO  - 加载策划表 HeroInfoConfigManager  耗时 7 (毫秒)
2025-11-29 17:35:48.237 INFO  - 加载配置表完成, 耗时:7 (毫秒)
2025-11-29 17:35:48.818 INFO  - 当前节点数量:0, 新增服务器节点: Instance{instanceId='game1001', ip='127.0.0.1', port=8001, weight=1.0, healthy=true, enabled=true, ephemeral=true, clusterName='GAME', serviceName='ly@@rpc_node_list_service', metadata={loadNum=0, serverId=game1001, serverType=GAME}}
2025-11-29 17:35:56.439 INFO  - 服务器启动成功:[NetServer-8001], port:8001
2025-11-29 17:35:56.440 INFO  - 服务器 启动成功 耗时: 9018ms
2025-11-29 17:59:13.965 INFO  - addHandlerRouter cmd=CS_Login router=GateLoginController$$Lambda/0x0000015202187680
2025-11-29 17:59:13.977 INFO  - 服务器开始启动
2025-11-29 17:59:13.984 INFO  - 开始启动 Nacos 
2025-11-29 17:59:14.831 INFO  - 当前节点数量:0, 新增服务器节点: Instance{instanceId='gate1001', ip='127.0.0.1', port=8001, weight=1.0, healthy=true, enabled=true, ephemeral=true, clusterName='GATE', serviceName='ly@@rpc_node_list_service', metadata={loadNum=0, serverId=gate1001, serverType=GATE}}
2025-11-29 17:59:14.841 INFO  -  Nacos 启动成功,耗时: 856ms 
2025-11-29 17:59:14.890 INFO  - 开始加载配置表
2025-11-29 17:59:14.895 INFO  - 加载策划表 HeroInfoConfigManager  耗时 4 (毫秒)
2025-11-29 17:59:14.895 INFO  - 加载配置表完成, 耗时:5 (毫秒)
2025-11-29 17:59:22.882 INFO  - 服务器启动成功:[NetServer-8001], port:8001
2025-11-29 17:59:22.882 INFO  - 服务器 启动成功 耗时: 8906ms
2025-11-29 18:09:54.516 INFO  - addHandlerRouter cmd=CS_Login router=GateLoginController$$Lambda/0x00000199e2187680
2025-11-29 18:09:54.519 INFO  - 服务器开始启动
2025-11-29 18:09:54.519 INFO  - 开始启动 Nacos 
2025-11-29 18:09:55.315 INFO  - 当前节点数量:0, 新增服务器节点: Instance{instanceId='gate1001', ip='127.0.0.1', port=8001, weight=1.0, healthy=true, enabled=true, ephemeral=true, clusterName='GATE', serviceName='ly@@rpc_node_list_service', metadata={loadNum=0, serverId=gate1001, serverType=GATE}}
2025-11-29 18:09:55.321 INFO  -  Nacos 启动成功,耗时: 802ms 
2025-11-29 18:09:55.327 INFO  - 开始加载配置表
2025-11-29 18:09:55.331 INFO  - 加载策划表 HeroInfoConfigManager  耗时 4 (毫秒)
2025-11-29 18:09:55.331 INFO  - 加载配置表完成, 耗时:4 (毫秒)
2025-11-29 18:10:03.037 INFO  - 服务器启动成功:[NetServer-8001], port:8001
2025-11-29 18:10:03.037 INFO  - 服务器 启动成功 耗时: 8518ms
2025-11-29 21:34:22.607 INFO  - GameHandlerRouteManager register handler cmd:100( 100 ),handler:ly.logic.login.GameLoginController$$Lambda/0x00000202911974e0
2025-11-29 21:34:22.613 INFO  - 服务器开始启动
2025-11-29 21:34:22.616 INFO  - 开始启动 Nacos 
2025-11-29 21:34:23.351 INFO  - 服务器配置: 
serverPort: 9001
serverIp: 127.0.0.1
runModule: TEST
configPath: D:\WORK\me\miniServer\excel\serverConfig
db:
  jdbcUrl: jdbc:mysql://139.224.80.204:3306/pick_money
  userName: root
  passWord: ly.1006897725
  maxPoolSize: 10
  minIdle: 3
  idleTimeout: 30000
  connectionTimeout: 2000
  
redis:
  host: 139.224.80.204
  port: 6379
  password: ly.1006897725

2025-11-29 21:34:23.452 INFO  - 当前节点数量:0, 新增服务器节点: Instance{instanceId='game1001', ip='127.0.0.1', port=9001, weight=1.0, healthy=true, enabled=true, ephemeral=true, clusterName='GAME', serviceName='ly@@rpc_node_list_service', metadata={loadNum=0, serverId=game1001, serverType=GAME}}
2025-11-29 21:34:23.462 INFO  -  Nacos 启动成功,耗时: 846ms 
2025-11-29 21:34:23.471 INFO  - 开始加载配置表
2025-11-29 21:34:23.474 INFO  - 加载策划表 HeroInfoConfigManager  耗时 3 (毫秒)
2025-11-29 21:34:23.474 INFO  - 加载配置表完成, 耗时:3 (毫秒)
2025-11-29 21:34:31.508 INFO  - 服务器启动成功:[NetServer-9001], port:9001
2025-11-29 21:34:31.509 INFO  - 服务器 启动成功 耗时: 8895ms
2025-11-29 21:40:06.425 INFO  - GameHandlerRouteManager register handler cmd:CS_Login( 100 ),handler:ly.logic.login.GameLoginController$$Lambda/0x000002badb1974e0
2025-11-29 21:40:06.425 INFO  - 服务器开始启动
2025-11-29 21:40:06.429 INFO  - 开始启动 Nacos 
2025-11-29 21:40:07.260 INFO  -  Nacos 启动成功,耗时: 830ms 
2025-11-29 21:40:07.265 INFO  - 开始加载配置表
2025-11-29 21:40:07.271 INFO  - 加载策划表 HeroInfoConfigManager  耗时 6 (毫秒)
2025-11-29 21:40:07.271 INFO  - 加载配置表完成, 耗时:6 (毫秒)
2025-11-29 21:40:07.814 INFO  - 当前节点数量:0, 新增服务器节点: Instance{instanceId='game1001', ip='127.0.0.1', port=8001, weight=1.0, healthy=true, enabled=true, ephemeral=true, clusterName='GAME', serviceName='ly@@rpc_node_list_service', metadata={loadNum=0, serverId=game1001, serverType=GAME}}
2025-11-29 21:40:15.231 INFO  - 服务器启动成功:[NetServer-8001], port:8001
2025-11-29 21:40:15.233 INFO  - 服务器 启动成功 耗时: 8806ms
2025-11-29 21:41:15.743 INFO  - GameHandlerRouteManager register handler cmd:CS_Login( 100 ),handler:ly.logic.login.GameLoginController$$Lambda/0x00000205a71974e0
2025-11-29 21:41:15.743 INFO  - 服务器开始启动
2025-11-29 21:41:15.746 INFO  - 开始启动 Nacos 
2025-11-29 21:41:16.567 INFO  -  Nacos 启动成功,耗时: 820ms 
2025-11-29 21:41:16.570 INFO  - 开始加载配置表
2025-11-29 21:41:16.573 INFO  - 加载策划表 HeroInfoConfigManager  耗时 3 (毫秒)
2025-11-29 21:41:16.573 INFO  - 加载配置表完成, 耗时:3 (毫秒)
2025-11-29 21:41:17.043 INFO  - 当前节点数量:0, 新增服务器节点: Instance{instanceId='game1001', ip='127.0.0.1', port=8001, weight=1.0, healthy=true, enabled=true, ephemeral=true, clusterName='GAME', serviceName='ly@@rpc_node_list_service', metadata={loadNum=0, serverId=game1001, serverType=GAME}}
2025-11-29 21:41:24.672 INFO  - 服务器启动成功:[NetServer-8001], port:8001
2025-11-29 21:41:24.673 INFO  - 服务器 启动成功 耗时: 8929ms
2025-11-29 21:41:40.151 INFO  - GameHandlerRouteManager register handler cmd:CS_Login( 100 ),handler:GameLoginController$$Lambda/0x0000013ae71974e0
2025-11-29 21:41:40.153 INFO  - 服务器开始启动
2025-11-29 21:41:40.153 INFO  - 开始启动 Nacos 
2025-11-29 21:41:40.964 INFO  -  Nacos 启动成功,耗时: 811ms 
2025-11-29 21:41:40.968 INFO  - 开始加载配置表
2025-11-29 21:41:40.969 INFO  - 加载策划表 HeroInfoConfigManager  耗时 1 (毫秒)
2025-11-29 21:41:40.969 INFO  - 加载配置表完成, 耗时:1 (毫秒)
2025-11-29 21:41:41.477 INFO  - 当前节点数量:0, 新增服务器节点: Instance{instanceId='game1001', ip='127.0.0.1', port=8001, weight=1.0, healthy=true, enabled=true, ephemeral=true, clusterName='GAME', serviceName='ly@@rpc_node_list_service', metadata={loadNum=0, serverId=game1001, serverType=GAME}}
2025-11-29 21:41:48.866 INFO  - 服务器启动成功:[NetServer-8001], port:8001
2025-11-29 21:41:48.867 INFO  - 服务器 启动成功 耗时: 8713ms
